// Jest Snapshot v1, https://goo.gl/fbAQLP

exports[`Navigation test should match the snapshot 1`] = `
ShallowWrapper {
  "length": 1,
  Symbol(enzyme.__root__): [Circular],
  Symbol(enzyme.__unrendered__): <Navigation
    currentCategory="planet"
    displayFavorites={[Function]}
    favorites={3}
    selectCategory={[Function]}
/>,
  Symbol(enzyme.__renderer__): Object {
    "batchedUpdates": [Function],
    "getNode": [Function],
    "render": [Function],
    "simulateEvent": [Function],
    "unmount": [Function],
  },
  Symbol(enzyme.__node__): Object {
    "instance": null,
    "key": undefined,
    "nodeType": "host",
    "props": Object {
      "children": Array [
        <button
          className="selectPeople"
          onClick={[Function]}
>
          People
</button>,
        <button
          className="selectPlanets"
          onClick={[Function]}
>
          Planets
</button>,
        <button
          className="selectVehicles"
          onClick={[Function]}
>
          Vehicles
</button>,
        <button
          className="selectFavorites"
          onClick={[Function]}
>
          Favorites 
          3
</button>,
      ],
      "className": "fadein",
      "id": "menu",
    },
    "ref": null,
    "rendered": Array [
      Object {
        "instance": null,
        "key": undefined,
        "nodeType": "host",
        "props": Object {
          "children": "People",
          "className": "selectPeople",
          "onClick": [Function],
        },
        "ref": null,
        "rendered": "People",
        "type": "button",
      },
      Object {
        "instance": null,
        "key": undefined,
        "nodeType": "host",
        "props": Object {
          "children": "Planets",
          "className": "selectPlanets",
          "onClick": [Function],
        },
        "ref": null,
        "rendered": "Planets",
        "type": "button",
      },
      Object {
        "instance": null,
        "key": undefined,
        "nodeType": "host",
        "props": Object {
          "children": "Vehicles",
          "className": "selectVehicles",
          "onClick": [Function],
        },
        "ref": null,
        "rendered": "Vehicles",
        "type": "button",
      },
      Object {
        "instance": null,
        "key": undefined,
        "nodeType": "host",
        "props": Object {
          "children": Array [
            "Favorites ",
            3,
          ],
          "className": "selectFavorites",
          "onClick": [Function],
        },
        "ref": null,
        "rendered": Array [
          "Favorites ",
          3,
        ],
        "type": "button",
      },
    ],
    "type": "nav",
  },
  Symbol(enzyme.__nodes__): Array [
    Object {
      "instance": null,
      "key": undefined,
      "nodeType": "host",
      "props": Object {
        "children": Array [
          <button
            className="selectPeople"
            onClick={[Function]}
>
            People
</button>,
          <button
            className="selectPlanets"
            onClick={[Function]}
>
            Planets
</button>,
          <button
            className="selectVehicles"
            onClick={[Function]}
>
            Vehicles
</button>,
          <button
            className="selectFavorites"
            onClick={[Function]}
>
            Favorites 
            3
</button>,
        ],
        "className": "fadein",
        "id": "menu",
      },
      "ref": null,
      "rendered": Array [
        Object {
          "instance": null,
          "key": undefined,
          "nodeType": "host",
          "props": Object {
            "children": "People",
            "className": "selectPeople",
            "onClick": [Function],
          },
          "ref": null,
          "rendered": "People",
          "type": "button",
        },
        Object {
          "instance": null,
          "key": undefined,
          "nodeType": "host",
          "props": Object {
            "children": "Planets",
            "className": "selectPlanets",
            "onClick": [Function],
          },
          "ref": null,
          "rendered": "Planets",
          "type": "button",
        },
        Object {
          "instance": null,
          "key": undefined,
          "nodeType": "host",
          "props": Object {
            "children": "Vehicles",
            "className": "selectVehicles",
            "onClick": [Function],
          },
          "ref": null,
          "rendered": "Vehicles",
          "type": "button",
        },
        Object {
          "instance": null,
          "key": undefined,
          "nodeType": "host",
          "props": Object {
            "children": Array [
              "Favorites ",
              3,
            ],
            "className": "selectFavorites",
            "onClick": [Function],
          },
          "ref": null,
          "rendered": Array [
            "Favorites ",
            3,
          ],
          "type": "button",
        },
      ],
      "type": "nav",
    },
  ],
  Symbol(enzyme.__options__): Object {
    "adapter": ReactSixteenAdapter {
      "options": Object {
        "enableComponentDidUpdateOnSetState": true,
      },
    },
  },
}
`;
