// Jest Snapshot v1, https://goo.gl/fbAQLP

exports[`matchs Snapshot 1`] = `
ShallowWrapper {
  "length": 1,
  Symbol(enzyme.__root__): [Circular],
  Symbol(enzyme.__unrendered__): <Loading />,
  Symbol(enzyme.__renderer__): Object {
    "batchedUpdates": [Function],
    "getNode": [Function],
    "render": [Function],
    "simulateEvent": [Function],
    "unmount": [Function],
  },
  Symbol(enzyme.__node__): Object {
    "instance": null,
    "key": undefined,
    "nodeType": "host",
    "props": Object {
      "autoPlay": true,
      "height": "100%",
      "loop": true,
      "src": "darth-vader.mp4",
      "width": "100%",
    },
    "ref": null,
    "rendered": null,
    "type": "video",
  },
  Symbol(enzyme.__nodes__): Array [
    Object {
      "instance": null,
      "key": undefined,
      "nodeType": "host",
      "props": Object {
        "autoPlay": true,
        "height": "100%",
        "loop": true,
        "src": "darth-vader.mp4",
        "width": "100%",
      },
      "ref": null,
      "rendered": null,
      "type": "video",
    },
  ],
  Symbol(enzyme.__options__): Object {
    "adapter": ReactSixteenAdapter {
      "options": Object {
        "enableComponentDidUpdateOnSetState": true,
      },
    },
  },
}
`;
